// Jest Snapshot v1, https://goo.gl/fbAQLP

exports[`MainWrapper reflect background color by bgcolor props 1`] = `
.emotion-0 {
  display: -webkit-box;
  display: -webkit-flex;
  display: -ms-flexbox;
  display: flex;
  -webkit-flex-direction: column;
  -ms-flex-direction: column;
  flex-direction: column;
  background-image: linear-gradient(to bottom, #1C2244, #009DC5, #1C2244);
  -webkit-box-flex: 1;
  -webkit-flex-grow: 1;
  -ms-flex-positive: 1;
  flex-grow: 1;
  -webkit-box-pack: center;
  -ms-flex-pack: center;
  -webkit-justify-content: center;
  justify-content: center;
  place-items: center;
}

.emotion-1 {
  border-radius: 8px;
  border: 1px solid;
  border-color: #1976d2;
  padding: 48px;
}

<body>
  <div>
    <div
      class="MuiStack-root emotion-0"
    >
      <div
        class="MuiBox-root emotion-1"
      >
        <div
          data-testid="mock-Component"
        />
      </div>
    </div>
  </div>
</body>
`;

exports[`MainWrapper should work as expected 1`] = `
.emotion-0 {
  display: -webkit-box;
  display: -webkit-flex;
  display: -ms-flexbox;
  display: flex;
  -webkit-flex-direction: column;
  -ms-flex-direction: column;
  flex-direction: column;
  background-image: linear-gradient(to bottom, #1C2244, #009DC5, #1C2244);
  -webkit-box-flex: 1;
  -webkit-flex-grow: 1;
  -ms-flex-positive: 1;
  flex-grow: 1;
  -webkit-box-pack: center;
  -ms-flex-pack: center;
  -webkit-justify-content: center;
  justify-content: center;
  place-items: center;
}

.emotion-1 {
  border-radius: 8px;
  border: 1px solid;
  border-color: #1976d2;
  padding: 48px;
}

<body>
  <div>
    <div
      class="MuiStack-root emotion-0"
    >
      <div
        class="MuiBox-root emotion-1"
      >
        <div
          data-testid="mock-Component"
        />
      </div>
    </div>
  </div>
</body>
`;
